Line   Address   Machine Code    Source
-----------------------------------------------------
   1                              .text
   2   0x0000                      .org 0
   3   0x0000                  main:
   4   0x0000   7E39         li t0,63
   5   0x0002   7EF9         li s0,63
   6   0x0004                  
   7   0x0004   00C0         add s0,t0
   8   0x0006   00C0         add s0,t0
   9   0x0008   00C0         add s0,t0
  10   0x000A   08C1         addi s0,4
  11   0x000C   07B8         mv a0,s0
  12   0x000E   0047         ecall 1
  13   0x0010                  
  14   0x0010                  
  15   0x0010                  
  16   0x0010                  
  17   0x0010                      
  18   0x0010                      
  19   0x0010                  
  20   0x0010                      
  21   0x0010   00C7             ecall 3
  22   0x0012                  
  23   0x0012                      .data
  24   0x0100                      .org 0x100
  25   0x0100                  str: 
  26   0x0100   4822 6C22 6F65 206C 6F2C 6C57 2172 64      .asciiz "H"leol ,oWlr!d"
  27   0x010F                  
